# What KeyboardLayout.build makes of a fixed set of characters: one line per map and
# character, giving the keys pressed: keycode, and in parentheses the key at that place on
# a U.S. keyboard. Written by `scripts/verify-layout.sh --update`; lines starting with #
# are not compared. Keyboard type pinned to 40 (ANSI).
# macOS 27.0.1 (26A434)
# Mac apps: the Mac's own layout, which every one below stands in for; Option allowed
# Windows via RDP: US; Option forbidden
# data US 5032 bytes fnv1a64 dbfcde45dbc78223
# data USInternational-PC 5656 bytes fnv1a64 e3cb349ee2631201
# data ABC 5032 bytes fnv1a64 dbfcde45dbc78223
# data British 2856 bytes fnv1a64 74552521bb5f88d3
# data German 18916 bytes fnv1a64 bccfd64e4d3ac72e
# data SwissGerman 3356 bytes fnv1a64 691be2545dc63c2b
# data French 2856 bytes fnv1a64 9d2fc536b49bb4a8
# data Belgian 2908 bytes fnv1a64 6818d6f4275be9d8
US/option                 reachable 241
US/option                 U+0020  space 49(space)
US/option                 U+0021  !     shift+18(1)
US/option                 U+0022  "     shift+39(')
US/option                 U+0023  #     shift+20(3)
US/option                 U+0024  $     shift+21(4)
US/option                 U+0025  %     shift+23(5)
US/option                 U+0026  &     shift+26(7)
US/option                 U+0027  '     39(')
US/option                 U+0028  (     shift+25(9)
US/option                 U+0029  )     shift+29(0)
US/option                 U+002A  *     shift+28(8)
US/option                 U+002B  +     shift+24(=)
US/option                 U+002C  ,     43(,)
US/option                 U+002D  -     27(-)
US/option                 U+002E  .     47(.)
US/option                 U+002F  /     44(/)
US/option                 U+0030  0     29(0)
US/option                 U+0031  1     18(1)
US/option                 U+0032  2     19(2)
US/option                 U+0033  3     20(3)
US/option                 U+0034  4     21(4)
US/option                 U+0035  5     23(5)
US/option                 U+0036  6     22(6)
US/option                 U+0037  7     26(7)
US/option                 U+0038  8     28(8)
US/option                 U+0039  9     25(9)
US/option                 U+003A  :     shift+41(;)
US/option                 U+003B  ;     41(;)
US/option                 U+003C  <     shift+43(,)
US/option                 U+003D  =     24(=)
US/option                 U+003E  >     shift+47(.)
US/option                 U+003F  ?     shift+44(/)
US/option                 U+0040  @     shift+19(2)
US/option                 U+0041  A     shift+0(A)
US/option                 U+0042  B     shift+11(B)
US/option                 U+0043  C     shift+8(C)
US/option                 U+0044  D     shift+2(D)
US/option                 U+0045  E     shift+14(E)
US/option                 U+0046  F     shift+3(F)
US/option                 U+0047  G     shift+5(G)
US/option                 U+0048  H     shift+4(H)
US/option                 U+0049  I     shift+34(I)
US/option                 U+004A  J     shift+38(J)
US/option                 U+004B  K     shift+40(K)
US/option                 U+004C  L     shift+37(L)
US/option                 U+004D  M     shift+46(M)
US/option                 U+004E  N     shift+45(N)
US/option                 U+004F  O     shift+31(O)
US/option                 U+0050  P     shift+35(P)
US/option                 U+0051  Q     shift+12(Q)
US/option                 U+0052  R     shift+15(R)
US/option                 U+0053  S     shift+1(S)
US/option                 U+0054  T     shift+17(T)
US/option                 U+0055  U     shift+32(U)
US/option                 U+0056  V     shift+9(V)
US/option                 U+0057  W     shift+13(W)
US/option                 U+0058  X     shift+7(X)
US/option                 U+0059  Y     shift+16(Y)
US/option                 U+005A  Z     shift+6(Z)
US/option                 U+005B  [     33([)
US/option                 U+005C  \     42(\)
US/option                 U+005D  ]     30(])
US/option                 U+005E  ^     shift+22(6)
US/option                 U+005F  _     shift+27(-)
US/option                 U+0060  `     50(`)
US/option                 U+0061  a     0(A)
US/option                 U+0062  b     11(B)
US/option                 U+0063  c     8(C)
US/option                 U+0064  d     2(D)
US/option                 U+0065  e     14(E)
US/option                 U+0066  f     3(F)
US/option                 U+0067  g     5(G)
US/option                 U+0068  h     4(H)
US/option                 U+0069  i     34(I)
US/option                 U+006A  j     38(J)
US/option                 U+006B  k     40(K)
US/option                 U+006C  l     37(L)
US/option                 U+006D  m     46(M)
US/option                 U+006E  n     45(N)
US/option                 U+006F  o     31(O)
US/option                 U+0070  p     35(P)
US/option                 U+0071  q     12(Q)
US/option                 U+0072  r     15(R)
US/option                 U+0073  s     1(S)
US/option                 U+0074  t     17(T)
US/option                 U+0075  u     32(U)
US/option                 U+0076  v     9(V)
US/option                 U+0077  w     13(W)
US/option                 U+0078  x     7(X)
US/option                 U+0079  y     16(Y)
US/option                 U+007A  z     6(Z)
US/option                 U+007B  {     shift+33([)
US/option                 U+007C  |     shift+42(\)
US/option                 U+007D  }     shift+30(])
US/option                 U+007E  ~     shift+50(`)
US/option                 U+0009  tab   48(tab)
US/option                 U+00E1  á     option+14(E) then 0(A)
US/option                 U+00E0  à     option+50(`) then 0(A)
US/option                 U+00E2  â     option+34(I) then 0(A)
US/option                 U+00E4  ä     option+32(U) then 0(A)
US/option                 U+00E3  ã     option+45(N) then 0(A)
US/option                 U+00E5  å     option+0(A)
US/option                 U+00E9  é     option+14(E) then 14(E)
US/option                 U+00E8  è     option+50(`) then 14(E)
US/option                 U+00EA  ê     option+34(I) then 14(E)
US/option                 U+00EB  ë     option+32(U) then 14(E)
US/option                 U+00ED  í     option+14(E) then 34(I)
US/option                 U+00EC  ì     option+50(`) then 34(I)
US/option                 U+00EE  î     option+34(I) then 34(I)
US/option                 U+00EF  ï     option+32(U) then 34(I)
US/option                 U+00F3  ó     option+14(E) then 31(O)
US/option                 U+00F2  ò     option+50(`) then 31(O)
US/option                 U+00F4  ô     option+34(I) then 31(O)
US/option                 U+00F6  ö     option+32(U) then 31(O)
US/option                 U+00F5  õ     option+45(N) then 31(O)
US/option                 U+00FA  ú     option+14(E) then 32(U)
US/option                 U+00F9  ù     option+50(`) then 32(U)
US/option                 U+00FB  û     option+34(I) then 32(U)
US/option                 U+00FC  ü     option+32(U) then 32(U)
US/option                 U+00F1  ñ     option+45(N) then 45(N)
US/option                 U+00E7  ç     option+8(C)
US/option                 U+00FF  ÿ     option+32(U) then 16(Y)
US/option                 U+00E6  æ     option+39(')
US/option                 U+00F8  ø     option+31(O)
US/option                 U+0153  œ     option+12(Q)
US/option                 U+00DF  ß     option+1(S)
US/option                 U+00C1  Á     shift+option+16(Y)
US/option                 U+00C0  À     option+50(`) then shift+0(A)
US/option                 U+00C2  Â     shift+option+46(M)
US/option                 U+00C4  Ä     option+32(U) then shift+0(A)
US/option                 U+00C9  É     option+14(E) then shift+14(E)
US/option                 U+00C8  È     option+50(`) then shift+14(E)
US/option                 U+00CA  Ê     option+34(I) then shift+14(E)
US/option                 U+00CB  Ë     option+32(U) then shift+14(E)
US/option                 U+00D6  Ö     option+32(U) then shift+31(O)
US/option                 U+00DC  Ü     option+32(U) then shift+32(U)
US/option                 U+00D1  Ñ     option+45(N) then shift+45(N)
US/option                 U+00C7  Ç     shift+option+8(C)
US/option                 U+00C5  Å     shift+option+0(A)
US/option                 U+00D8  Ø     shift+option+31(O)
US/option                 U+20AC  €     shift+option+19(2)
US/option                 U+00A3  £     option+20(3)
US/option                 U+00A5  ¥     option+16(Y)
US/option                 U+00A2  ¢     option+21(4)
US/option                 U+00A7  §     10(ISO-§)
US/option                 U+00B0  °     shift+option+28(8)
US/option                 U+00B4  ´     shift+option+14(E)
US/option                 U+00A8  ¨     shift+option+32(U)
US/option                 U+02C6  ˆ     shift+option+34(I)
US/option                 U+02DC  ˜     shift+option+45(N)
US/option                 U+00B8  ¸     shift+option+6(Z)
US/option                 U+00B5  µ     option+46(M)
US/option                 U+00B1  ±     shift+10(ISO-§)
US/option                 U+00B2  ²     unreachable
US/option                 U+00B3  ³     unreachable
US/option                 U+00BF  ¿     shift+option+44(/)
US/option                 U+00A1  ¡     option+18(1)
US/option                 U+00AB  «     option+42(\)
US/option                 U+00BB  »     shift+option+42(\)
US/option                 U+201E  „     shift+option+13(W)
US/option                 U+201C  “     option+33([)
US/option                 U+201D  ”     shift+option+33([)
US/option                 U+2018  ‘     option+30(])
US/option                 U+2019  ’     shift+option+30(])
US/option                 U+2013  –     option+27(-)
US/option                 U+2014  —     shift+option+27(-)
US/option                 U+2026  …     option+41(;)
US/option                 U+2022  •     option+28(8)
US/option                 U+00A9  ©     option+5(G)
US/option                 U+00AE  ®     option+15(R)
US/option                 U+2122  ™     option+19(2)
US/option                 U+00AC  ¬     option+37(L)
US/no-option              reachable 113
US/no-option              U+0020  space 49(space)
US/no-option              U+0021  !     shift+18(1)
US/no-option              U+0022  "     shift+39(')
US/no-option              U+0023  #     shift+20(3)
US/no-option              U+0024  $     shift+21(4)
US/no-option              U+0025  %     shift+23(5)
US/no-option              U+0026  &     shift+26(7)
US/no-option              U+0027  '     39(')
US/no-option              U+0028  (     shift+25(9)
US/no-option              U+0029  )     shift+29(0)
US/no-option              U+002A  *     shift+28(8)
US/no-option              U+002B  +     shift+24(=)
US/no-option              U+002C  ,     43(,)
US/no-option              U+002D  -     27(-)
US/no-option              U+002E  .     47(.)
US/no-option              U+002F  /     44(/)
US/no-option              U+0030  0     29(0)
US/no-option              U+0031  1     18(1)
US/no-option              U+0032  2     19(2)
US/no-option              U+0033  3     20(3)
US/no-option              U+0034  4     21(4)
US/no-option              U+0035  5     23(5)
US/no-option              U+0036  6     22(6)
US/no-option              U+0037  7     26(7)
US/no-option              U+0038  8     28(8)
US/no-option              U+0039  9     25(9)
US/no-option              U+003A  :     shift+41(;)
US/no-option              U+003B  ;     41(;)
US/no-option              U+003C  <     shift+43(,)
US/no-option              U+003D  =     24(=)
US/no-option              U+003E  >     shift+47(.)
US/no-option              U+003F  ?     shift+44(/)
US/no-option              U+0040  @     shift+19(2)
US/no-option              U+0041  A     shift+0(A)
US/no-option              U+0042  B     shift+11(B)
US/no-option              U+0043  C     shift+8(C)
US/no-option              U+0044  D     shift+2(D)
US/no-option              U+0045  E     shift+14(E)
US/no-option              U+0046  F     shift+3(F)
US/no-option              U+0047  G     shift+5(G)
US/no-option              U+0048  H     shift+4(H)
US/no-option              U+0049  I     shift+34(I)
US/no-option              U+004A  J     shift+38(J)
US/no-option              U+004B  K     shift+40(K)
US/no-option              U+004C  L     shift+37(L)
US/no-option              U+004D  M     shift+46(M)
US/no-option              U+004E  N     shift+45(N)
US/no-option              U+004F  O     shift+31(O)
US/no-option              U+0050  P     shift+35(P)
US/no-option              U+0051  Q     shift+12(Q)
US/no-option              U+0052  R     shift+15(R)
US/no-option              U+0053  S     shift+1(S)
US/no-option              U+0054  T     shift+17(T)
US/no-option              U+0055  U     shift+32(U)
US/no-option              U+0056  V     shift+9(V)
US/no-option              U+0057  W     shift+13(W)
US/no-option              U+0058  X     shift+7(X)
US/no-option              U+0059  Y     shift+16(Y)
US/no-option              U+005A  Z     shift+6(Z)
US/no-option              U+005B  [     33([)
US/no-option              U+005C  \     42(\)
US/no-option              U+005D  ]     30(])
US/no-option              U+005E  ^     shift+22(6)
US/no-option              U+005F  _     shift+27(-)
US/no-option              U+0060  `     50(`)
US/no-option              U+0061  a     0(A)
US/no-option              U+0062  b     11(B)
US/no-option              U+0063  c     8(C)
US/no-option              U+0064  d     2(D)
US/no-option              U+0065  e     14(E)
US/no-option              U+0066  f     3(F)
US/no-option              U+0067  g     5(G)
US/no-option              U+0068  h     4(H)
US/no-option              U+0069  i     34(I)
US/no-option              U+006A  j     38(J)
US/no-option              U+006B  k     40(K)
US/no-option              U+006C  l     37(L)
US/no-option              U+006D  m     46(M)
US/no-option              U+006E  n     45(N)
US/no-option              U+006F  o     31(O)
US/no-option              U+0070  p     35(P)
US/no-option              U+0071  q     12(Q)
US/no-option              U+0072  r     15(R)
US/no-option              U+0073  s     1(S)
US/no-option              U+0074  t     17(T)
US/no-option              U+0075  u     32(U)
US/no-option              U+0076  v     9(V)
US/no-option              U+0077  w     13(W)
US/no-option              U+0078  x     7(X)
US/no-option              U+0079  y     16(Y)
US/no-option              U+007A  z     6(Z)
US/no-option              U+007B  {     shift+33([)
US/no-option              U+007C  |     shift+42(\)
US/no-option              U+007D  }     shift+30(])
US/no-option              U+007E  ~     shift+50(`)
US/no-option              U+0009  tab   48(tab)
US/no-option              U+00E1  á     unreachable
US/no-option              U+00E0  à     unreachable
US/no-option              U+00E2  â     unreachable
US/no-option              U+00E4  ä     unreachable
US/no-option              U+00E3  ã     unreachable
US/no-option              U+00E5  å     unreachable
US/no-option              U+00E9  é     unreachable
US/no-option              U+00E8  è     unreachable
US/no-option              U+00EA  ê     unreachable
US/no-option              U+00EB  ë     unreachable
US/no-option              U+00ED  í     unreachable
US/no-option              U+00EC  ì     unreachable
US/no-option              U+00EE  î     unreachable
US/no-option              U+00EF  ï     unreachable
US/no-option              U+00F3  ó     unreachable
US/no-option              U+00F2  ò     unreachable
US/no-option              U+00F4  ô     unreachable
US/no-option              U+00F6  ö     unreachable
US/no-option              U+00F5  õ     unreachable
US/no-option              U+00FA  ú     unreachable
US/no-option              U+00F9  ù     unreachable
US/no-option              U+00FB  û     unreachable
US/no-option              U+00FC  ü     unreachable
US/no-option              U+00F1  ñ     unreachable
US/no-option              U+00E7  ç     unreachable
US/no-option              U+00FF  ÿ     unreachable
US/no-option              U+00E6  æ     unreachable
US/no-option              U+00F8  ø     unreachable
US/no-option              U+0153  œ     unreachable
US/no-option              U+00DF  ß     unreachable
US/no-option              U+00C1  Á     unreachable
US/no-option              U+00C0  À     unreachable
US/no-option              U+00C2  Â     unreachable
US/no-option              U+00C4  Ä     unreachable
US/no-option              U+00C9  É     unreachable
US/no-option              U+00C8  È     unreachable
US/no-option              U+00CA  Ê     unreachable
US/no-option              U+00CB  Ë     unreachable
US/no-option              U+00D6  Ö     unreachable
US/no-option              U+00DC  Ü     unreachable
US/no-option              U+00D1  Ñ     unreachable
US/no-option              U+00C7  Ç     unreachable
US/no-option              U+00C5  Å     unreachable
US/no-option              U+00D8  Ø     unreachable
US/no-option              U+20AC  €     unreachable
US/no-option              U+00A3  £     unreachable
US/no-option              U+00A5  ¥     unreachable
US/no-option              U+00A2  ¢     unreachable
US/no-option              U+00A7  §     10(ISO-§)
US/no-option              U+00B0  °     unreachable
US/no-option              U+00B4  ´     unreachable
US/no-option              U+00A8  ¨     unreachable
US/no-option              U+02C6  ˆ     unreachable
US/no-option              U+02DC  ˜     unreachable
US/no-option              U+00B8  ¸     unreachable
US/no-option              U+00B5  µ     unreachable
US/no-option              U+00B1  ±     shift+10(ISO-§)
US/no-option              U+00B2  ²     unreachable
US/no-option              U+00B3  ³     unreachable
US/no-option              U+00BF  ¿     unreachable
US/no-option              U+00A1  ¡     unreachable
US/no-option              U+00AB  «     unreachable
US/no-option              U+00BB  »     unreachable
US/no-option              U+201E  „     unreachable
US/no-option              U+201C  “     unreachable
US/no-option              U+201D  ”     unreachable
US/no-option              U+2018  ‘     unreachable
US/no-option              U+2019  ’     unreachable
US/no-option              U+2013  –     unreachable
US/no-option              U+2014  —     unreachable
US/no-option              U+2026  …     unreachable
US/no-option              U+2022  •     unreachable
US/no-option              U+00A9  ©     unreachable
US/no-option              U+00AE  ®     unreachable
US/no-option              U+2122  ™     unreachable
US/no-option              U+00AC  ¬     unreachable
USInternational-PC/option reachable 239
USInternational-PC/option U+0020  space 49(space)
USInternational-PC/option U+0021  !     shift+18(1)
USInternational-PC/option U+0022  "     shift+39(') then 49(space)
USInternational-PC/option U+0023  #     shift+20(3)
USInternational-PC/option U+0024  $     shift+21(4)
USInternational-PC/option U+0025  %     shift+23(5)
USInternational-PC/option U+0026  &     shift+26(7)
USInternational-PC/option U+0027  '     39(') then 49(space)
USInternational-PC/option U+0028  (     shift+25(9)
USInternational-PC/option U+0029  )     shift+29(0)
USInternational-PC/option U+002A  *     shift+28(8)
USInternational-PC/option U+002B  +     shift+24(=)
USInternational-PC/option U+002C  ,     43(,)
USInternational-PC/option U+002D  -     27(-)
USInternational-PC/option U+002E  .     47(.)
USInternational-PC/option U+002F  /     44(/)
USInternational-PC/option U+0030  0     29(0)
USInternational-PC/option U+0031  1     18(1)
USInternational-PC/option U+0032  2     19(2)
USInternational-PC/option U+0033  3     20(3)
USInternational-PC/option U+0034  4     21(4)
USInternational-PC/option U+0035  5     23(5)
USInternational-PC/option U+0036  6     22(6)
USInternational-PC/option U+0037  7     26(7)
USInternational-PC/option U+0038  8     28(8)
USInternational-PC/option U+0039  9     25(9)
USInternational-PC/option U+003A  :     shift+41(;)
USInternational-PC/option U+003B  ;     41(;)
USInternational-PC/option U+003C  <     shift+43(,)
USInternational-PC/option U+003D  =     24(=)
USInternational-PC/option U+003E  >     shift+47(.)
USInternational-PC/option U+003F  ?     shift+44(/)
USInternational-PC/option U+0040  @     shift+19(2)
USInternational-PC/option U+0041  A     shift+0(A)
USInternational-PC/option U+0042  B     shift+11(B)
USInternational-PC/option U+0043  C     shift+8(C)
USInternational-PC/option U+0044  D     shift+2(D)
USInternational-PC/option U+0045  E     shift+14(E)
USInternational-PC/option U+0046  F     shift+3(F)
USInternational-PC/option U+0047  G     shift+5(G)
USInternational-PC/option U+0048  H     shift+4(H)
USInternational-PC/option U+0049  I     shift+34(I)
USInternational-PC/option U+004A  J     shift+38(J)
USInternational-PC/option U+004B  K     shift+40(K)
USInternational-PC/option U+004C  L     shift+37(L)
USInternational-PC/option U+004D  M     shift+46(M)
USInternational-PC/option U+004E  N     shift+45(N)
USInternational-PC/option U+004F  O     shift+31(O)
USInternational-PC/option U+0050  P     shift+35(P)
USInternational-PC/option U+0051  Q     shift+12(Q)
USInternational-PC/option U+0052  R     shift+15(R)
USInternational-PC/option U+0053  S     shift+1(S)
USInternational-PC/option U+0054  T     shift+17(T)
USInternational-PC/option U+0055  U     shift+32(U)
USInternational-PC/option U+0056  V     shift+9(V)
USInternational-PC/option U+0057  W     shift+13(W)
USInternational-PC/option U+0058  X     shift+7(X)
USInternational-PC/option U+0059  Y     shift+16(Y)
USInternational-PC/option U+005A  Z     shift+6(Z)
USInternational-PC/option U+005B  [     33([)
USInternational-PC/option U+005C  \     42(\)
USInternational-PC/option U+005D  ]     30(])
USInternational-PC/option U+005E  ^     shift+22(6) then 49(space)
USInternational-PC/option U+005F  _     shift+27(-)
USInternational-PC/option U+0060  `     shift+option+50(`)
USInternational-PC/option U+0061  a     0(A)
USInternational-PC/option U+0062  b     11(B)
USInternational-PC/option U+0063  c     8(C)
USInternational-PC/option U+0064  d     2(D)
USInternational-PC/option U+0065  e     14(E)
USInternational-PC/option U+0066  f     3(F)
USInternational-PC/option U+0067  g     5(G)
USInternational-PC/option U+0068  h     4(H)
USInternational-PC/option U+0069  i     34(I)
USInternational-PC/option U+006A  j     38(J)
USInternational-PC/option U+006B  k     40(K)
USInternational-PC/option U+006C  l     37(L)
USInternational-PC/option U+006D  m     46(M)
USInternational-PC/option U+006E  n     45(N)
USInternational-PC/option U+006F  o     31(O)
USInternational-PC/option U+0070  p     35(P)
USInternational-PC/option U+0071  q     12(Q)
USInternational-PC/option U+0072  r     15(R)
USInternational-PC/option U+0073  s     1(S)
USInternational-PC/option U+0074  t     17(T)
USInternational-PC/option U+0075  u     32(U)
USInternational-PC/option U+0076  v     9(V)
USInternational-PC/option U+0077  w     13(W)
USInternational-PC/option U+0078  x     7(X)
USInternational-PC/option U+0079  y     16(Y)
USInternational-PC/option U+007A  z     6(Z)
USInternational-PC/option U+007B  {     shift+33([)
USInternational-PC/option U+007C  |     shift+42(\)
USInternational-PC/option U+007D  }     shift+30(])
USInternational-PC/option U+007E  ~     shift+50(`) then 49(space)
USInternational-PC/option U+0009  tab   48(tab)
USInternational-PC/option U+00E1  á     39(') then 0(A)
USInternational-PC/option U+00E0  à     50(`) then 0(A)
USInternational-PC/option U+00E2  â     shift+22(6) then 0(A)
USInternational-PC/option U+00E4  ä     shift+39(') then 0(A)
USInternational-PC/option U+00E3  ã     shift+50(`) then 0(A)
USInternational-PC/option U+00E5  å     option+0(A)
USInternational-PC/option U+00E9  é     39(') then 14(E)
USInternational-PC/option U+00E8  è     50(`) then 14(E)
USInternational-PC/option U+00EA  ê     shift+22(6) then 14(E)
USInternational-PC/option U+00EB  ë     shift+39(') then 14(E)
USInternational-PC/option U+00ED  í     39(') then 34(I)
USInternational-PC/option U+00EC  ì     50(`) then 34(I)
USInternational-PC/option U+00EE  î     shift+22(6) then 34(I)
USInternational-PC/option U+00EF  ï     shift+39(') then 34(I)
USInternational-PC/option U+00F3  ó     39(') then 31(O)
USInternational-PC/option U+00F2  ò     50(`) then 31(O)
USInternational-PC/option U+00F4  ô     shift+22(6) then 31(O)
USInternational-PC/option U+00F6  ö     shift+39(') then 31(O)
USInternational-PC/option U+00F5  õ     shift+50(`) then 31(O)
USInternational-PC/option U+00FA  ú     39(') then 32(U)
USInternational-PC/option U+00F9  ù     50(`) then 32(U)
USInternational-PC/option U+00FB  û     shift+22(6) then 32(U)
USInternational-PC/option U+00FC  ü     shift+39(') then 32(U)
USInternational-PC/option U+00F1  ñ     shift+50(`) then 45(N)
USInternational-PC/option U+00E7  ç     option+8(C)
USInternational-PC/option U+00FF  ÿ     shift+39(') then 16(Y)
USInternational-PC/option U+00E6  æ     option+39(')
USInternational-PC/option U+00F8  ø     option+31(O)
USInternational-PC/option U+0153  œ     option+12(Q)
USInternational-PC/option U+00DF  ß     option+1(S)
USInternational-PC/option U+00C1  Á     shift+option+16(Y)
USInternational-PC/option U+00C0  À     50(`) then shift+0(A)
USInternational-PC/option U+00C2  Â     shift+option+46(M)
USInternational-PC/option U+00C4  Ä     shift+39(') then shift+0(A)
USInternational-PC/option U+00C9  É     39(') then shift+14(E)
USInternational-PC/option U+00C8  È     50(`) then shift+14(E)
USInternational-PC/option U+00CA  Ê     shift+22(6) then shift+14(E)
USInternational-PC/option U+00CB  Ë     shift+39(') then shift+14(E)
USInternational-PC/option U+00D6  Ö     shift+39(') then shift+31(O)
USInternational-PC/option U+00DC  Ü     shift+39(') then shift+32(U)
USInternational-PC/option U+00D1  Ñ     shift+50(`) then shift+45(N)
USInternational-PC/option U+00C7  Ç     shift+option+8(C)
USInternational-PC/option U+00C5  Å     shift+option+0(A)
USInternational-PC/option U+00D8  Ø     shift+option+31(O)
USInternational-PC/option U+20AC  €     shift+option+19(2)
USInternational-PC/option U+00A3  £     option+20(3)
USInternational-PC/option U+00A5  ¥     option+16(Y)
USInternational-PC/option U+00A2  ¢     option+21(4)
USInternational-PC/option U+00A7  §     10(ISO-§)
USInternational-PC/option U+00B0  °     shift+option+28(8)
USInternational-PC/option U+00B4  ´     shift+option+14(E)
USInternational-PC/option U+00A8  ¨     shift+option+32(U)
USInternational-PC/option U+02C6  ˆ     shift+option+34(I)
USInternational-PC/option U+02DC  ˜     shift+option+45(N)
USInternational-PC/option U+00B8  ¸     shift+option+6(Z)
USInternational-PC/option U+00B5  µ     option+46(M)
USInternational-PC/option U+00B1  ±     shift+10(ISO-§)
USInternational-PC/option U+00B2  ²     unreachable
USInternational-PC/option U+00B3  ³     unreachable
USInternational-PC/option U+00BF  ¿     shift+option+44(/)
USInternational-PC/option U+00A1  ¡     option+18(1)
USInternational-PC/option U+00AB  «     option+42(\)
USInternational-PC/option U+00BB  »     shift+option+42(\)
USInternational-PC/option U+201E  „     shift+option+13(W)
USInternational-PC/option U+201C  “     option+33([)
USInternational-PC/option U+201D  ”     shift+option+33([)
USInternational-PC/option U+2018  ‘     option+30(])
USInternational-PC/option U+2019  ’     shift+option+30(])
USInternational-PC/option U+2013  –     option+27(-)
USInternational-PC/option U+2014  —     shift+option+27(-)
USInternational-PC/option U+2026  …     option+41(;)
USInternational-PC/option U+2022  •     option+28(8)
USInternational-PC/option U+00A9  ©     option+5(G)
USInternational-PC/option U+00AE  ®     option+15(R)
USInternational-PC/option U+2122  ™     option+19(2)
USInternational-PC/option U+00AC  ¬     option+37(L)
ABC/option                reachable 241
ABC/option                U+0020  space 49(space)
ABC/option                U+0021  !     shift+18(1)
ABC/option                U+0022  "     shift+39(')
ABC/option                U+0023  #     shift+20(3)
ABC/option                U+0024  $     shift+21(4)
ABC/option                U+0025  %     shift+23(5)
ABC/option                U+0026  &     shift+26(7)
ABC/option                U+0027  '     39(')
ABC/option                U+0028  (     shift+25(9)
ABC/option                U+0029  )     shift+29(0)
ABC/option                U+002A  *     shift+28(8)
ABC/option                U+002B  +     shift+24(=)
ABC/option                U+002C  ,     43(,)
ABC/option                U+002D  -     27(-)
ABC/option                U+002E  .     47(.)
ABC/option                U+002F  /     44(/)
ABC/option                U+0030  0     29(0)
ABC/option                U+0031  1     18(1)
ABC/option                U+0032  2     19(2)
ABC/option                U+0033  3     20(3)
ABC/option                U+0034  4     21(4)
ABC/option                U+0035  5     23(5)
ABC/option                U+0036  6     22(6)
ABC/option                U+0037  7     26(7)
ABC/option                U+0038  8     28(8)
ABC/option                U+0039  9     25(9)
ABC/option                U+003A  :     shift+41(;)
ABC/option                U+003B  ;     41(;)
ABC/option                U+003C  <     shift+43(,)
ABC/option                U+003D  =     24(=)
ABC/option                U+003E  >     shift+47(.)
ABC/option                U+003F  ?     shift+44(/)
ABC/option                U+0040  @     shift+19(2)
ABC/option                U+0041  A     shift+0(A)
ABC/option                U+0042  B     shift+11(B)
ABC/option                U+0043  C     shift+8(C)
ABC/option                U+0044  D     shift+2(D)
ABC/option                U+0045  E     shift+14(E)
ABC/option                U+0046  F     shift+3(F)
ABC/option                U+0047  G     shift+5(G)
ABC/option                U+0048  H     shift+4(H)
ABC/option                U+0049  I     shift+34(I)
ABC/option                U+004A  J     shift+38(J)
ABC/option                U+004B  K     shift+40(K)
ABC/option                U+004C  L     shift+37(L)
ABC/option                U+004D  M     shift+46(M)
ABC/option                U+004E  N     shift+45(N)
ABC/option                U+004F  O     shift+31(O)
ABC/option                U+0050  P     shift+35(P)
ABC/option                U+0051  Q     shift+12(Q)
ABC/option                U+0052  R     shift+15(R)
ABC/option                U+0053  S     shift+1(S)
ABC/option                U+0054  T     shift+17(T)
ABC/option                U+0055  U     shift+32(U)
ABC/option                U+0056  V     shift+9(V)
ABC/option                U+0057  W     shift+13(W)
ABC/option                U+0058  X     shift+7(X)
ABC/option                U+0059  Y     shift+16(Y)
ABC/option                U+005A  Z     shift+6(Z)
ABC/option                U+005B  [     33([)
ABC/option                U+005C  \     42(\)
ABC/option                U+005D  ]     30(])
ABC/option                U+005E  ^     shift+22(6)
ABC/option                U+005F  _     shift+27(-)
ABC/option                U+0060  `     50(`)
ABC/option                U+0061  a     0(A)
ABC/option                U+0062  b     11(B)
ABC/option                U+0063  c     8(C)
ABC/option                U+0064  d     2(D)
ABC/option                U+0065  e     14(E)
ABC/option                U+0066  f     3(F)
ABC/option                U+0067  g     5(G)
ABC/option                U+0068  h     4(H)
ABC/option                U+0069  i     34(I)
ABC/option                U+006A  j     38(J)
ABC/option                U+006B  k     40(K)
ABC/option                U+006C  l     37(L)
ABC/option                U+006D  m     46(M)
ABC/option                U+006E  n     45(N)
ABC/option                U+006F  o     31(O)
ABC/option                U+0070  p     35(P)
ABC/option                U+0071  q     12(Q)
ABC/option                U+0072  r     15(R)
ABC/option                U+0073  s     1(S)
ABC/option                U+0074  t     17(T)
ABC/option                U+0075  u     32(U)
ABC/option                U+0076  v     9(V)
ABC/option                U+0077  w     13(W)
ABC/option                U+0078  x     7(X)
ABC/option                U+0079  y     16(Y)
ABC/option                U+007A  z     6(Z)
ABC/option                U+007B  {     shift+33([)
ABC/option                U+007C  |     shift+42(\)
ABC/option                U+007D  }     shift+30(])
ABC/option                U+007E  ~     shift+50(`)
ABC/option                U+0009  tab   48(tab)
ABC/option                U+00E1  á     option+14(E) then 0(A)
ABC/option                U+00E0  à     option+50(`) then 0(A)
ABC/option                U+00E2  â     option+34(I) then 0(A)
ABC/option                U+00E4  ä     option+32(U) then 0(A)
ABC/option                U+00E3  ã     option+45(N) then 0(A)
ABC/option                U+00E5  å     option+0(A)
ABC/option                U+00E9  é     option+14(E) then 14(E)
ABC/option                U+00E8  è     option+50(`) then 14(E)
ABC/option                U+00EA  ê     option+34(I) then 14(E)
ABC/option                U+00EB  ë     option+32(U) then 14(E)
ABC/option                U+00ED  í     option+14(E) then 34(I)
ABC/option                U+00EC  ì     option+50(`) then 34(I)
ABC/option                U+00EE  î     option+34(I) then 34(I)
ABC/option                U+00EF  ï     option+32(U) then 34(I)
ABC/option                U+00F3  ó     option+14(E) then 31(O)
ABC/option                U+00F2  ò     option+50(`) then 31(O)
ABC/option                U+00F4  ô     option+34(I) then 31(O)
ABC/option                U+00F6  ö     option+32(U) then 31(O)
ABC/option                U+00F5  õ     option+45(N) then 31(O)
ABC/option                U+00FA  ú     option+14(E) then 32(U)
ABC/option                U+00F9  ù     option+50(`) then 32(U)
ABC/option                U+00FB  û     option+34(I) then 32(U)
ABC/option                U+00FC  ü     option+32(U) then 32(U)
ABC/option                U+00F1  ñ     option+45(N) then 45(N)
ABC/option                U+00E7  ç     option+8(C)
ABC/option                U+00FF  ÿ     option+32(U) then 16(Y)
ABC/option                U+00E6  æ     option+39(')
ABC/option                U+00F8  ø     option+31(O)
ABC/option                U+0153  œ     option+12(Q)
ABC/option                U+00DF  ß     option+1(S)
ABC/option                U+00C1  Á     shift+option+16(Y)
ABC/option                U+00C0  À     option+50(`) then shift+0(A)
ABC/option                U+00C2  Â     shift+option+46(M)
ABC/option                U+00C4  Ä     option+32(U) then shift+0(A)
ABC/option                U+00C9  É     option+14(E) then shift+14(E)
ABC/option                U+00C8  È     option+50(`) then shift+14(E)
ABC/option                U+00CA  Ê     option+34(I) then shift+14(E)
ABC/option                U+00CB  Ë     option+32(U) then shift+14(E)
ABC/option                U+00D6  Ö     option+32(U) then shift+31(O)
ABC/option                U+00DC  Ü     option+32(U) then shift+32(U)
ABC/option                U+00D1  Ñ     option+45(N) then shift+45(N)
ABC/option                U+00C7  Ç     shift+option+8(C)
ABC/option                U+00C5  Å     shift+option+0(A)
ABC/option                U+00D8  Ø     shift+option+31(O)
ABC/option                U+20AC  €     shift+option+19(2)
ABC/option                U+00A3  £     option+20(3)
ABC/option                U+00A5  ¥     option+16(Y)
ABC/option                U+00A2  ¢     option+21(4)
ABC/option                U+00A7  §     10(ISO-§)
ABC/option                U+00B0  °     shift+option+28(8)
ABC/option                U+00B4  ´     shift+option+14(E)
ABC/option                U+00A8  ¨     shift+option+32(U)
ABC/option                U+02C6  ˆ     shift+option+34(I)
ABC/option                U+02DC  ˜     shift+option+45(N)
ABC/option                U+00B8  ¸     shift+option+6(Z)
ABC/option                U+00B5  µ     option+46(M)
ABC/option                U+00B1  ±     shift+10(ISO-§)
ABC/option                U+00B2  ²     unreachable
ABC/option                U+00B3  ³     unreachable
ABC/option                U+00BF  ¿     shift+option+44(/)
ABC/option                U+00A1  ¡     option+18(1)
ABC/option                U+00AB  «     option+42(\)
ABC/option                U+00BB  »     shift+option+42(\)
ABC/option                U+201E  „     shift+option+13(W)
ABC/option                U+201C  “     option+33([)
ABC/option                U+201D  ”     shift+option+33([)
ABC/option                U+2018  ‘     option+30(])
ABC/option                U+2019  ’     shift+option+30(])
ABC/option                U+2013  –     option+27(-)
ABC/option                U+2014  —     shift+option+27(-)
ABC/option                U+2026  …     option+41(;)
ABC/option                U+2022  •     option+28(8)
ABC/option                U+00A9  ©     option+5(G)
ABC/option                U+00AE  ®     option+15(R)
ABC/option                U+2122  ™     option+19(2)
ABC/option                U+00AC  ¬     option+37(L)
British/option            reachable 235
British/option            U+0020  space 49(space)
British/option            U+0021  !     shift+18(1)
British/option            U+0022  "     shift+39(')
British/option            U+0023  #     option+20(3)
British/option            U+0024  $     shift+21(4)
British/option            U+0025  %     shift+23(5)
British/option            U+0026  &     shift+26(7)
British/option            U+0027  '     39(')
British/option            U+0028  (     shift+25(9)
British/option            U+0029  )     shift+29(0)
British/option            U+002A  *     shift+28(8)
British/option            U+002B  +     shift+24(=)
British/option            U+002C  ,     43(,)
British/option            U+002D  -     27(-)
British/option            U+002E  .     47(.)
British/option            U+002F  /     44(/)
British/option            U+0030  0     29(0)
British/option            U+0031  1     18(1)
British/option            U+0032  2     19(2)
British/option            U+0033  3     20(3)
British/option            U+0034  4     21(4)
British/option            U+0035  5     23(5)
British/option            U+0036  6     22(6)
British/option            U+0037  7     26(7)
British/option            U+0038  8     28(8)
British/option            U+0039  9     25(9)
British/option            U+003A  :     shift+41(;)
British/option            U+003B  ;     41(;)
British/option            U+003C  <     shift+43(,)
British/option            U+003D  =     24(=)
British/option            U+003E  >     shift+47(.)
British/option            U+003F  ?     shift+44(/)
British/option            U+0040  @     shift+19(2)
British/option            U+0041  A     shift+0(A)
British/option            U+0042  B     shift+11(B)
British/option            U+0043  C     shift+8(C)
British/option            U+0044  D     shift+2(D)
British/option            U+0045  E     shift+14(E)
British/option            U+0046  F     shift+3(F)
British/option            U+0047  G     shift+5(G)
British/option            U+0048  H     shift+4(H)
British/option            U+0049  I     shift+34(I)
British/option            U+004A  J     shift+38(J)
British/option            U+004B  K     shift+40(K)
British/option            U+004C  L     shift+37(L)
British/option            U+004D  M     shift+46(M)
British/option            U+004E  N     shift+45(N)
British/option            U+004F  O     shift+31(O)
British/option            U+0050  P     shift+35(P)
British/option            U+0051  Q     shift+12(Q)
British/option            U+0052  R     shift+15(R)
British/option            U+0053  S     shift+1(S)
British/option            U+0054  T     shift+17(T)
British/option            U+0055  U     shift+32(U)
British/option            U+0056  V     shift+9(V)
British/option            U+0057  W     shift+13(W)
British/option            U+0058  X     shift+7(X)
British/option            U+0059  Y     shift+16(Y)
British/option            U+005A  Z     shift+6(Z)
British/option            U+005B  [     33([)
British/option            U+005C  \     42(\)
British/option            U+005D  ]     30(])
British/option            U+005E  ^     shift+22(6)
British/option            U+005F  _     shift+27(-)
British/option            U+0060  `     50(`)
British/option            U+0061  a     0(A)
British/option            U+0062  b     11(B)
British/option            U+0063  c     8(C)
British/option            U+0064  d     2(D)
British/option            U+0065  e     14(E)
British/option            U+0066  f     3(F)
British/option            U+0067  g     5(G)
British/option            U+0068  h     4(H)
British/option            U+0069  i     34(I)
British/option            U+006A  j     38(J)
British/option            U+006B  k     40(K)
British/option            U+006C  l     37(L)
British/option            U+006D  m     46(M)
British/option            U+006E  n     45(N)
British/option            U+006F  o     31(O)
British/option            U+0070  p     35(P)
British/option            U+0071  q     12(Q)
British/option            U+0072  r     15(R)
British/option            U+0073  s     1(S)
British/option            U+0074  t     17(T)
British/option            U+0075  u     32(U)
British/option            U+0076  v     9(V)
British/option            U+0077  w     13(W)
British/option            U+0078  x     7(X)
British/option            U+0079  y     16(Y)
British/option            U+007A  z     6(Z)
British/option            U+007B  {     shift+33([)
British/option            U+007C  |     shift+42(\)
British/option            U+007D  }     shift+30(])
British/option            U+007E  ~     shift+50(`)
British/option            U+0009  tab   48(tab)
British/option            U+00E1  á     option+14(E) then 0(A)
British/option            U+00E0  à     option+50(`) then 0(A)
British/option            U+00E2  â     option+34(I) then 0(A)
British/option            U+00E4  ä     option+32(U) then 0(A)
British/option            U+00E3  ã     option+45(N) then 0(A)
British/option            U+00E5  å     option+0(A)
British/option            U+00E9  é     option+14(E) then 14(E)
British/option            U+00E8  è     option+50(`) then 14(E)
British/option            U+00EA  ê     option+34(I) then 14(E)
British/option            U+00EB  ë     option+32(U) then 14(E)
British/option            U+00ED  í     option+14(E) then 34(I)
British/option            U+00EC  ì     option+50(`) then 34(I)
British/option            U+00EE  î     option+34(I) then 34(I)
British/option            U+00EF  ï     option+32(U) then 34(I)
British/option            U+00F3  ó     option+14(E) then 31(O)
British/option            U+00F2  ò     option+50(`) then 31(O)
British/option            U+00F4  ô     option+34(I) then 31(O)
British/option            U+00F6  ö     option+32(U) then 31(O)
British/option            U+00F5  õ     option+45(N) then 31(O)
British/option            U+00FA  ú     option+14(E) then 32(U)
British/option            U+00F9  ù     option+50(`) then 32(U)
British/option            U+00FB  û     option+34(I) then 32(U)
British/option            U+00FC  ü     option+32(U) then 32(U)
British/option            U+00F1  ñ     option+45(N) then 45(N)
British/option            U+00E7  ç     option+8(C)
British/option            U+00FF  ÿ     option+32(U) then 16(Y)
British/option            U+00E6  æ     option+39(')
British/option            U+00F8  ø     option+31(O)
British/option            U+0153  œ     option+12(Q)
British/option            U+00DF  ß     option+1(S)
British/option            U+00C1  Á     shift+option+16(Y)
British/option            U+00C0  À     option+50(`) then shift+0(A)
British/option            U+00C2  Â     shift+option+15(R)
British/option            U+00C4  Ä     option+32(U) then shift+0(A)
British/option            U+00C9  É     option+14(E) then shift+14(E)
British/option            U+00C8  È     shift+option+34(I)
British/option            U+00CA  Ê     shift+option+17(T)
British/option            U+00CB  Ë     shift+option+32(U)
British/option            U+00D6  Ö     option+32(U) then shift+31(O)
British/option            U+00DC  Ü     option+32(U) then shift+32(U)
British/option            U+00D1  Ñ     option+45(N) then shift+45(N)
British/option            U+00C7  Ç     shift+option+8(C)
British/option            U+00C5  Å     shift+option+0(A)
British/option            U+00D8  Ø     shift+option+31(O)
British/option            U+20AC  €     option+19(2)
British/option            U+00A3  £     shift+20(3)
British/option            U+00A5  ¥     option+16(Y)
British/option            U+00A2  ¢     option+21(4)
British/option            U+00A7  §     10(ISO-§)
British/option            U+00B0  °     shift+option+28(8)
British/option            U+00B4  ´     option+14(E) then 49(space)
British/option            U+00A8  ¨     option+32(U) then 49(space)
British/option            U+02C6  ˆ     shift+option+45(N)
British/option            U+02DC  ˜     shift+option+46(M)
British/option            U+00B8  ¸     unreachable
British/option            U+00B5  µ     option+46(M)
British/option            U+00B1  ±     shift+10(ISO-§)
British/option            U+00B2  ²     unreachable
British/option            U+00B3  ³     unreachable
British/option            U+00BF  ¿     shift+option+44(/)
British/option            U+00A1  ¡     option+18(1)
British/option            U+00AB  «     option+42(\)
British/option            U+00BB  »     shift+option+42(\)
British/option            U+201E  „     shift+option+13(W)
British/option            U+201C  “     option+33([)
British/option            U+201D  ”     shift+option+33([)
British/option            U+2018  ‘     option+30(])
British/option            U+2019  ’     shift+option+30(])
British/option            U+2013  –     option+27(-)
British/option            U+2014  —     shift+option+27(-)
British/option            U+2026  …     option+41(;)
British/option            U+2022  •     option+28(8)
British/option            U+00A9  ©     option+5(G)
British/option            U+00AE  ®     option+15(R)
British/option            U+2122  ™     shift+option+19(2)
British/option            U+00AC  ¬     option+37(L)
German/option             reachable 239
German/option             U+0020  space 49(space)
German/option             U+0021  !     shift+18(1)
German/option             U+0022  "     shift+19(2)
German/option             U+0023  #     42(\)
German/option             U+0024  $     shift+21(4)
German/option             U+0025  %     shift+23(5)
German/option             U+0026  &     shift+22(6)
German/option             U+0027  '     shift+42(\)
German/option             U+0028  (     shift+28(8)
German/option             U+0029  )     shift+25(9)
German/option             U+002A  *     shift+30(])
German/option             U+002B  +     30(])
German/option             U+002C  ,     43(,)
German/option             U+002D  -     44(/)
German/option             U+002E  .     47(.)
German/option             U+002F  /     shift+26(7)
German/option             U+0030  0     29(0)
German/option             U+0031  1     18(1)
German/option             U+0032  2     19(2)
German/option             U+0033  3     20(3)
German/option             U+0034  4     21(4)
German/option             U+0035  5     23(5)
German/option             U+0036  6     22(6)
German/option             U+0037  7     26(7)
German/option             U+0038  8     28(8)
German/option             U+0039  9     25(9)
German/option             U+003A  :     shift+47(.)
German/option             U+003B  ;     shift+43(,)
German/option             U+003C  <     50(`)
German/option             U+003D  =     shift+29(0)
German/option             U+003E  >     shift+50(`)
German/option             U+003F  ?     shift+27(-)
German/option             U+0040  @     option+37(L)
German/option             U+0041  A     shift+0(A)
German/option             U+0042  B     shift+11(B)
German/option             U+0043  C     shift+8(C)
German/option             U+0044  D     shift+2(D)
German/option             U+0045  E     shift+14(E)
German/option             U+0046  F     shift+3(F)
German/option             U+0047  G     shift+5(G)
German/option             U+0048  H     shift+4(H)
German/option             U+0049  I     shift+34(I)
German/option             U+004A  J     shift+38(J)
German/option             U+004B  K     shift+40(K)
German/option             U+004C  L     shift+37(L)
German/option             U+004D  M     shift+46(M)
German/option             U+004E  N     shift+45(N)
German/option             U+004F  O     shift+31(O)
German/option             U+0050  P     shift+35(P)
German/option             U+0051  Q     shift+12(Q)
German/option             U+0052  R     shift+15(R)
German/option             U+0053  S     shift+1(S)
German/option             U+0054  T     shift+17(T)
German/option             U+0055  U     shift+32(U)
German/option             U+0056  V     shift+9(V)
German/option             U+0057  W     shift+13(W)
German/option             U+0058  X     shift+7(X)
German/option             U+0059  Y     shift+6(Z)
German/option             U+005A  Z     shift+16(Y)
German/option             U+005B  [     option+23(5)
German/option             U+005C  \     shift+option+26(7)
German/option             U+005D  ]     option+22(6)
German/option             U+005E  ^     10(ISO-§) then 49(space)
German/option             U+005F  _     shift+44(/)
German/option             U+0060  `     shift+24(=) then 49(space)
German/option             U+0061  a     0(A)
German/option             U+0062  b     11(B)
German/option             U+0063  c     8(C)
German/option             U+0064  d     2(D)
German/option             U+0065  e     14(E)
German/option             U+0066  f     3(F)
German/option             U+0067  g     5(G)
German/option             U+0068  h     4(H)
German/option             U+0069  i     34(I)
German/option             U+006A  j     38(J)
German/option             U+006B  k     40(K)
German/option             U+006C  l     37(L)
German/option             U+006D  m     46(M)
German/option             U+006E  n     45(N)
German/option             U+006F  o     31(O)
German/option             U+0070  p     35(P)
German/option             U+0071  q     12(Q)
German/option             U+0072  r     15(R)
German/option             U+0073  s     1(S)
German/option             U+0074  t     17(T)
German/option             U+0075  u     32(U)
German/option             U+0076  v     9(V)
German/option             U+0077  w     13(W)
German/option             U+0078  x     7(X)
German/option             U+0079  y     6(Z)
German/option             U+007A  z     16(Y)
German/option             U+007B  {     option+28(8)
German/option             U+007C  |     option+26(7)
German/option             U+007D  }     option+25(9)
German/option             U+007E  ~     option+45(N) then 49(space)
German/option             U+0009  tab   48(tab)
German/option             U+00E1  á     24(=) then 0(A)
German/option             U+00E0  à     shift+24(=) then 0(A)
German/option             U+00E2  â     10(ISO-§) then 0(A)
German/option             U+00E4  ä     39(')
German/option             U+00E3  ã     option+45(N) then 0(A)
German/option             U+00E5  å     option+0(A)
German/option             U+00E9  é     24(=) then 14(E)
German/option             U+00E8  è     shift+24(=) then 14(E)
German/option             U+00EA  ê     10(ISO-§) then 14(E)
German/option             U+00EB  ë     option+32(U) then 14(E)
German/option             U+00ED  í     24(=) then 34(I)
German/option             U+00EC  ì     shift+24(=) then 34(I)
German/option             U+00EE  î     10(ISO-§) then 34(I)
German/option             U+00EF  ï     option+32(U) then 34(I)
German/option             U+00F3  ó     24(=) then 31(O)
German/option             U+00F2  ò     shift+24(=) then 31(O)
German/option             U+00F4  ô     10(ISO-§) then 31(O)
German/option             U+00F6  ö     41(;)
German/option             U+00F5  õ     option+45(N) then 31(O)
German/option             U+00FA  ú     24(=) then 32(U)
German/option             U+00F9  ù     shift+24(=) then 32(U)
German/option             U+00FB  û     10(ISO-§) then 32(U)
German/option             U+00FC  ü     33([)
German/option             U+00F1  ñ     option+45(N) then 45(N)
German/option             U+00E7  ç     option+8(C)
German/option             U+00FF  ÿ     option+32(U) then 6(Z)
German/option             U+00E6  æ     option+39(')
German/option             U+00F8  ø     option+31(O)
German/option             U+0153  œ     option+41(;)
German/option             U+00DF  ß     27(-)
German/option             U+00C1  Á     shift+option+32(U)
German/option             U+00C0  À     shift+24(=) then shift+0(A)
German/option             U+00C2  Â     10(ISO-§) then shift+0(A)
German/option             U+00C4  Ä     shift+39(')
German/option             U+00C9  É     24(=) then shift+14(E)
German/option             U+00C8  È     shift+24(=) then shift+14(E)
German/option             U+00CA  Ê     10(ISO-§) then shift+14(E)
German/option             U+00CB  Ë     option+32(U) then shift+14(E)
German/option             U+00D6  Ö     shift+41(;)
German/option             U+00DC  Ü     shift+33([)
German/option             U+00D1  Ñ     option+45(N) then shift+45(N)
German/option             U+00C7  Ç     shift+option+8(C)
German/option             U+00C5  Å     shift+option+0(A)
German/option             U+00D8  Ø     shift+option+31(O)
German/option             U+20AC  €     option+14(E)
German/option             U+00A3  £     shift+option+21(4)
German/option             U+00A5  ¥     option+6(Z)
German/option             U+00A2  ¢     option+21(4)
German/option             U+00A7  §     shift+20(3)
German/option             U+00B0  °     shift+10(ISO-§)
German/option             U+00B4  ´     24(=) then 49(space)
German/option             U+00A8  ¨     option+32(U) then 49(space)
German/option             U+02C6  ˆ     shift+option+40(K)
German/option             U+02DC  ˜     shift+option+28(8)
German/option             U+00B8  ¸     shift+option+15(R)
German/option             U+00B5  µ     option+46(M)
German/option             U+00B1  ±     option+30(])
German/option             U+00B2  ²     unreachable
German/option             U+00B3  ³     unreachable
German/option             U+00BF  ¿     option+27(-)
German/option             U+00A1  ¡     option+18(1)
German/option             U+00AB  «     option+12(Q)
German/option             U+00BB  »     shift+option+12(Q)
German/option             U+201E  „     option+10(ISO-§)
German/option             U+201C  “     option+19(2)
German/option             U+201D  ”     shift+option+19(2)
German/option             U+2018  ‘     option+42(\)
German/option             U+2019  ’     shift+option+42(\)
German/option             U+2013  –     option+44(/)
German/option             U+2014  —     shift+option+44(/)
German/option             U+2026  …     option+47(.)
German/option             U+2022  •     option+33([)
German/option             U+00A9  ©     option+5(G)
German/option             U+00AE  ®     option+15(R)
German/option             U+2122  ™     shift+option+2(D)
German/option             U+00AC  ¬     shift+option+18(1)
SwissGerman/option        reachable 234
SwissGerman/option        U+0020  space 49(space)
SwissGerman/option        U+0021  !     shift+30(])
SwissGerman/option        U+0022  "     shift+19(2)
SwissGerman/option        U+0023  #     option+20(3)
SwissGerman/option        U+0024  $     42(\)
SwissGerman/option        U+0025  %     shift+23(5)
SwissGerman/option        U+0026  &     shift+22(6)
SwissGerman/option        U+0027  '     27(-)
SwissGerman/option        U+0028  (     shift+28(8)
SwissGerman/option        U+0029  )     shift+25(9)
SwissGerman/option        U+002A  *     shift+20(3)
SwissGerman/option        U+002B  +     shift+18(1)
SwissGerman/option        U+002C  ,     43(,)
SwissGerman/option        U+002D  -     44(/)
SwissGerman/option        U+002E  .     47(.)
SwissGerman/option        U+002F  /     shift+26(7)
SwissGerman/option        U+0030  0     29(0)
SwissGerman/option        U+0031  1     18(1)
SwissGerman/option        U+0032  2     19(2)
SwissGerman/option        U+0033  3     20(3)
SwissGerman/option        U+0034  4     21(4)
SwissGerman/option        U+0035  5     23(5)
SwissGerman/option        U+0036  6     22(6)
SwissGerman/option        U+0037  7     26(7)
SwissGerman/option        U+0038  8     28(8)
SwissGerman/option        U+0039  9     25(9)
SwissGerman/option        U+003A  :     shift+47(.)
SwissGerman/option        U+003B  ;     shift+43(,)
SwissGerman/option        U+003C  <     50(`)
SwissGerman/option        U+003D  =     shift+29(0)
SwissGerman/option        U+003E  >     shift+50(`)
SwissGerman/option        U+003F  ?     shift+27(-)
SwissGerman/option        U+0040  @     option+5(G)
SwissGerman/option        U+0041  A     shift+0(A)
SwissGerman/option        U+0042  B     shift+11(B)
SwissGerman/option        U+0043  C     shift+8(C)
SwissGerman/option        U+0044  D     shift+2(D)
SwissGerman/option        U+0045  E     shift+14(E)
SwissGerman/option        U+0046  F     shift+3(F)
SwissGerman/option        U+0047  G     shift+5(G)
SwissGerman/option        U+0048  H     shift+4(H)
SwissGerman/option        U+0049  I     shift+34(I)
SwissGerman/option        U+004A  J     shift+38(J)
SwissGerman/option        U+004B  K     shift+40(K)
SwissGerman/option        U+004C  L     shift+37(L)
SwissGerman/option        U+004D  M     shift+46(M)
SwissGerman/option        U+004E  N     shift+45(N)
SwissGerman/option        U+004F  O     shift+31(O)
SwissGerman/option        U+0050  P     shift+35(P)
SwissGerman/option        U+0051  Q     shift+12(Q)
SwissGerman/option        U+0052  R     shift+15(R)
SwissGerman/option        U+0053  S     shift+1(S)
SwissGerman/option        U+0054  T     shift+17(T)
SwissGerman/option        U+0055  U     shift+32(U)
SwissGerman/option        U+0056  V     shift+9(V)
SwissGerman/option        U+0057  W     shift+13(W)
SwissGerman/option        U+0058  X     shift+7(X)
SwissGerman/option        U+0059  Y     shift+6(Z)
SwissGerman/option        U+005A  Z     shift+16(Y)
SwissGerman/option        U+005B  [     option+23(5)
SwissGerman/option        U+005C  \     shift+option+26(7)
SwissGerman/option        U+005D  ]     option+22(6)
SwissGerman/option        U+005E  ^     shift+option+24(=)
SwissGerman/option        U+005F  _     shift+44(/)
SwissGerman/option        U+0060  `     shift+24(=) then 49(space)
SwissGerman/option        U+0061  a     0(A)
SwissGerman/option        U+0062  b     11(B)
SwissGerman/option        U+0063  c     8(C)
SwissGerman/option        U+0064  d     2(D)
SwissGerman/option        U+0065  e     14(E)
SwissGerman/option        U+0066  f     3(F)
SwissGerman/option        U+0067  g     5(G)
SwissGerman/option        U+0068  h     4(H)
SwissGerman/option        U+0069  i     34(I)
SwissGerman/option        U+006A  j     38(J)
SwissGerman/option        U+006B  k     40(K)
SwissGerman/option        U+006C  l     37(L)
SwissGerman/option        U+006D  m     46(M)
SwissGerman/option        U+006E  n     45(N)
SwissGerman/option        U+006F  o     31(O)
SwissGerman/option        U+0070  p     35(P)
SwissGerman/option        U+0071  q     12(Q)
SwissGerman/option        U+0072  r     15(R)
SwissGerman/option        U+0073  s     1(S)
SwissGerman/option        U+0074  t     17(T)
SwissGerman/option        U+0075  u     32(U)
SwissGerman/option        U+0076  v     9(V)
SwissGerman/option        U+0077  w     13(W)
SwissGerman/option        U+0078  x     7(X)
SwissGerman/option        U+0079  y     6(Z)
SwissGerman/option        U+007A  z     16(Y)
SwissGerman/option        U+007B  {     option+28(8)
SwissGerman/option        U+007C  |     option+26(7)
SwissGerman/option        U+007D  }     option+25(9)
SwissGerman/option        U+007E  ~     option+45(N) then 49(space)
SwissGerman/option        U+0009  tab   48(tab)
SwissGerman/option        U+00E1  á     option+24(=) then 0(A)
SwissGerman/option        U+00E0  à     shift+39(')
SwissGerman/option        U+00E2  â     24(=) then 0(A)
SwissGerman/option        U+00E4  ä     39(')
SwissGerman/option        U+00E3  ã     option+45(N) then 0(A)
SwissGerman/option        U+00E5  å     option+0(A)
SwissGerman/option        U+00E9  é     shift+41(;)
SwissGerman/option        U+00E8  è     shift+33([)
SwissGerman/option        U+00EA  ê     24(=) then 14(E)
SwissGerman/option        U+00EB  ë     30(]) then 14(E)
SwissGerman/option        U+00ED  í     option+24(=) then 34(I)
SwissGerman/option        U+00EC  ì     shift+24(=) then 34(I)
SwissGerman/option        U+00EE  î     24(=) then 34(I)
SwissGerman/option        U+00EF  ï     30(]) then 34(I)
SwissGerman/option        U+00F3  ó     option+24(=) then 31(O)
SwissGerman/option        U+00F2  ò     shift+24(=) then 31(O)
SwissGerman/option        U+00F4  ô     24(=) then 31(O)
SwissGerman/option        U+00F6  ö     41(;)
SwissGerman/option        U+00F5  õ     option+45(N) then 31(O)
SwissGerman/option        U+00FA  ú     option+24(=) then 32(U)
SwissGerman/option        U+00F9  ù     shift+24(=) then 32(U)
SwissGerman/option        U+00FB  û     24(=) then 32(U)
SwissGerman/option        U+00FC  ü     33([)
SwissGerman/option        U+00F1  ñ     option+45(N) then 45(N)
SwissGerman/option        U+00E7  ç     shift+21(4)
SwissGerman/option        U+00FF  ÿ     shift+option+33([)
SwissGerman/option        U+00E6  æ     option+39(')
SwissGerman/option        U+00F8  ø     option+31(O)
SwissGerman/option        U+0153  œ     option+12(Q)
SwissGerman/option        U+00DF  ß     option+1(S)
SwissGerman/option        U+00C1  Á     shift+option+13(W)
SwissGerman/option        U+00C0  À     shift+24(=) then shift+0(A)
SwissGerman/option        U+00C2  Â     24(=) then shift+0(A)
SwissGerman/option        U+00C4  Ä     30(]) then shift+0(A)
SwissGerman/option        U+00C9  É     option+24(=) then shift+14(E)
SwissGerman/option        U+00C8  È     shift+option+15(R)
SwissGerman/option        U+00CA  Ê     24(=) then shift+14(E)
SwissGerman/option        U+00CB  Ë     shift+option+14(E)
SwissGerman/option        U+00D6  Ö     30(]) then shift+31(O)
SwissGerman/option        U+00DC  Ü     30(]) then shift+32(U)
SwissGerman/option        U+00D1  Ñ     option+45(N) then shift+45(N)
SwissGerman/option        U+00C7  Ç     option+21(4)
SwissGerman/option        U+00C5  Å     shift+option+0(A)
SwissGerman/option        U+00D8  Ø     shift+option+31(O)
SwissGerman/option        U+20AC  €     option+14(E)
SwissGerman/option        U+00A3  £     shift+42(\)
SwissGerman/option        U+00A5  ¥     option+6(Z)
SwissGerman/option        U+00A2  ¢     option+41(;)
SwissGerman/option        U+00A7  §     10(ISO-§)
SwissGerman/option        U+00B0  °     shift+10(ISO-§)
SwissGerman/option        U+00B4  ´     option+24(=) then 49(space)
SwissGerman/option        U+00A8  ¨     30(]) then 49(space)
SwissGerman/option        U+02C6  ˆ     shift+option+37(L)
SwissGerman/option        U+02DC  ˜     shift+option+38(J)
SwissGerman/option        U+00B8  ¸     unreachable
SwissGerman/option        U+00B5  µ     option+46(M)
SwissGerman/option        U+00B1  ±     option+18(1)
SwissGerman/option        U+00B2  ²     unreachable
SwissGerman/option        U+00B3  ³     unreachable
SwissGerman/option        U+00BF  ¿     option+27(-)
SwissGerman/option        U+00A1  ¡     option+34(I)
SwissGerman/option        U+00AB  «     option+43(,)
SwissGerman/option        U+00BB  »     shift+option+43(,)
SwissGerman/option        U+201E  „     unreachable
SwissGerman/option        U+201C  “     option+19(2)
SwissGerman/option        U+201D  ”     shift+option+19(2)
SwissGerman/option        U+2018  ‘     option+30(])
SwissGerman/option        U+2019  ’     shift+option+30(])
SwissGerman/option        U+2013  –     option+44(/)
SwissGerman/option        U+2014  —     shift+option+44(/)
SwissGerman/option        U+2026  …     option+47(.)
SwissGerman/option        U+2022  •     shift+option+42(\)
SwissGerman/option        U+00A9  ©     option+8(C)
SwissGerman/option        U+00AE  ®     option+15(R)
SwissGerman/option        U+2122  ™     shift+option+7(X)
SwissGerman/option        U+00AC  ¬     option+37(L)
French/option             reachable 229
French/option             U+0020  space 49(space)
French/option             U+0021  !     28(8)
French/option             U+0022  "     20(3)
French/option             U+0023  #     shift+10(ISO-§)
French/option             U+0024  $     30(])
French/option             U+0025  %     shift+39(')
French/option             U+0026  &     18(1)
French/option             U+0027  '     21(4)
French/option             U+0028  (     23(5)
French/option             U+0029  )     27(-)
French/option             U+002A  *     shift+30(])
French/option             U+002B  +     shift+44(/)
French/option             U+002C  ,     46(M)
French/option             U+002D  -     24(=)
French/option             U+002E  .     shift+43(,)
French/option             U+002F  /     shift+47(.)
French/option             U+0030  0     shift+29(0)
French/option             U+0031  1     shift+18(1)
French/option             U+0032  2     shift+19(2)
French/option             U+0033  3     shift+20(3)
French/option             U+0034  4     shift+21(4)
French/option             U+0035  5     shift+23(5)
French/option             U+0036  6     shift+22(6)
French/option             U+0037  7     shift+26(7)
French/option             U+0038  8     shift+28(8)
French/option             U+0039  9     shift+25(9)
French/option             U+003A  :     47(.)
French/option             U+003B  ;     43(,)
French/option             U+003C  <     50(`)
French/option             U+003D  =     44(/)
French/option             U+003E  >     shift+50(`)
French/option             U+003F  ?     shift+46(M)
French/option             U+0040  @     10(ISO-§)
French/option             U+0041  A     shift+12(Q)
French/option             U+0042  B     shift+11(B)
French/option             U+0043  C     shift+8(C)
French/option             U+0044  D     shift+2(D)
French/option             U+0045  E     shift+14(E)
French/option             U+0046  F     shift+3(F)
French/option             U+0047  G     shift+5(G)
French/option             U+0048  H     shift+4(H)
French/option             U+0049  I     shift+34(I)
French/option             U+004A  J     shift+38(J)
French/option             U+004B  K     shift+40(K)
French/option             U+004C  L     shift+37(L)
French/option             U+004D  M     shift+41(;)
French/option             U+004E  N     shift+45(N)
French/option             U+004F  O     shift+31(O)
French/option             U+0050  P     shift+35(P)
French/option             U+0051  Q     shift+0(A)
French/option             U+0052  R     shift+15(R)
French/option             U+0053  S     shift+1(S)
French/option             U+0054  T     shift+17(T)
French/option             U+0055  U     shift+32(U)
French/option             U+0056  V     shift+9(V)
French/option             U+0057  W     shift+6(Z)
French/option             U+0058  X     shift+7(X)
French/option             U+0059  Y     shift+16(Y)
French/option             U+005A  Z     shift+13(W)
French/option             U+005B  [     shift+option+23(5)
French/option             U+005C  \     shift+option+47(.)
French/option             U+005D  ]     shift+option+27(-)
French/option             U+005E  ^     33([) then 49(space)
French/option             U+005F  _     shift+24(=)
French/option             U+0060  `     42(\) then 49(space)
French/option             U+0061  a     12(Q)
French/option             U+0062  b     11(B)
French/option             U+0063  c     8(C)
French/option             U+0064  d     2(D)
French/option             U+0065  e     14(E)
French/option             U+0066  f     3(F)
French/option             U+0067  g     5(G)
French/option             U+0068  h     4(H)
French/option             U+0069  i     34(I)
French/option             U+006A  j     38(J)
French/option             U+006B  k     40(K)
French/option             U+006C  l     37(L)
French/option             U+006D  m     41(;)
French/option             U+006E  n     45(N)
French/option             U+006F  o     31(O)
French/option             U+0070  p     35(P)
French/option             U+0071  q     0(A)
French/option             U+0072  r     15(R)
French/option             U+0073  s     1(S)
French/option             U+0074  t     17(T)
French/option             U+0075  u     32(U)
French/option             U+0076  v     9(V)
French/option             U+0077  w     6(Z)
French/option             U+0078  x     7(X)
French/option             U+0079  y     16(Y)
French/option             U+007A  z     13(W)
French/option             U+007B  {     option+23(5)
French/option             U+007C  |     shift+option+37(L)
French/option             U+007D  }     option+27(-)
French/option             U+007E  ~     option+45(N) then 49(space)
French/option             U+0009  tab   48(tab)
French/option             U+00E1  á     shift+option+18(1) then 12(Q)
French/option             U+00E0  à     29(0)
French/option             U+00E2  â     33([) then 12(Q)
French/option             U+00E4  ä     shift+33([) then 12(Q)
French/option             U+00E3  ã     option+45(N) then 12(Q)
French/option             U+00E5  å     shift+option+22(6)
French/option             U+00E9  é     19(2)
French/option             U+00E8  è     26(7)
French/option             U+00EA  ê     option+14(E)
French/option             U+00EB  ë     option+19(2)
French/option             U+00ED  í     shift+option+18(1) then 34(I)
French/option             U+00EC  ì     42(\) then 34(I)
French/option             U+00EE  î     option+34(I)
French/option             U+00EF  ï     shift+option+34(I)
French/option             U+00F3  ó     shift+option+18(1) then 31(O)
French/option             U+00F2  ò     42(\) then 31(O)
French/option             U+00F4  ô     option+33([)
French/option             U+00F6  ö     shift+33([) then 31(O)
French/option             U+00F5  õ     option+45(N) then 31(O)
French/option             U+00FA  ú     shift+option+18(1) then 32(U)
French/option             U+00F9  ù     39(')
French/option             U+00FB  û     33([) then 32(U)
French/option             U+00FC  ü     shift+33([) then 32(U)
French/option             U+00F1  ñ     option+45(N) then 45(N)
French/option             U+00E7  ç     25(9)
French/option             U+00FF  ÿ     shift+33([) then 16(Y)
French/option             U+00E6  æ     option+12(Q)
French/option             U+00F8  ø     option+29(0)
French/option             U+0153  œ     option+31(O)
French/option             U+00DF  ß     option+11(B)
French/option             U+00C1  Á     shift+option+25(9)
French/option             U+00C0  À     42(\) then shift+12(Q)
French/option             U+00C2  Â     option+13(W)
French/option             U+00C4  Ä     shift+33([) then shift+12(Q)
French/option             U+00C9  É     shift+option+18(1) then shift+14(E)
French/option             U+00C8  È     option+40(K)
French/option             U+00CA  Ê     shift+option+14(E)
French/option             U+00CB  Ë     shift+option+40(K)
French/option             U+00D6  Ö     shift+33([) then shift+31(O)
French/option             U+00DC  Ü     shift+33([) then shift+32(U)
French/option             U+00D1  Ñ     option+45(N) then shift+45(N)
French/option             U+00C7  Ç     option+25(9)
French/option             U+00C5  Å     shift+option+13(W)
French/option             U+00D8  Ø     shift+option+29(0)
French/option             U+20AC  €     option+30(])
French/option             U+00A3  £     shift+42(\)
French/option             U+00A5  ¥     shift+option+30(])
French/option             U+00A2  ¢     shift+option+8(C)
French/option             U+00A7  §     22(6)
French/option             U+00B0  °     shift+27(-)
French/option             U+00B4  ´     shift+option+18(1) then 49(space)
French/option             U+00A8  ¨     shift+33([) then 49(space)
French/option             U+02C6  ˆ     unreachable
French/option             U+02DC  ˜     unreachable
French/option             U+00B8  ¸     unreachable
French/option             U+00B5  µ     option+41(;)
French/option             U+00B1  ±     shift+option+44(/)
French/option             U+00B2  ²     unreachable
French/option             U+00B3  ³     unreachable
French/option             U+00BF  ¿     shift+option+46(M)
French/option             U+00A1  ¡     option+28(8)
French/option             U+00AB  «     option+26(7)
French/option             U+00BB  »     shift+option+26(7)
French/option             U+201E  „     shift+option+19(2)
French/option             U+201C  “     option+20(3)
French/option             U+201D  ”     shift+option+20(3)
French/option             U+2018  ‘     option+21(4)
French/option             U+2019  ’     shift+option+21(4)
French/option             U+2013  –     shift+option+24(=)
French/option             U+2014  —     option+24(=)
French/option             U+2026  …     option+43(,)
French/option             U+2022  •     option+10(ISO-§)
French/option             U+00A9  ©     option+8(C)
French/option             U+00AE  ®     option+15(R)
French/option             U+2122  ™     shift+option+17(T)
French/option             U+00AC  ¬     option+37(L)
Belgian/option            reachable 231
Belgian/option            U+0020  space 49(space)
Belgian/option            U+0021  !     28(8)
Belgian/option            U+0022  "     20(3)
Belgian/option            U+0023  #     shift+10(ISO-§)
Belgian/option            U+0024  $     30(])
Belgian/option            U+0025  %     shift+39(')
Belgian/option            U+0026  &     18(1)
Belgian/option            U+0027  '     21(4)
Belgian/option            U+0028  (     23(5)
Belgian/option            U+0029  )     27(-)
Belgian/option            U+002A  *     shift+30(])
Belgian/option            U+002B  +     shift+44(/)
Belgian/option            U+002C  ,     46(M)
Belgian/option            U+002D  -     24(=)
Belgian/option            U+002E  .     shift+43(,)
Belgian/option            U+002F  /     shift+47(.)
Belgian/option            U+0030  0     shift+29(0)
Belgian/option            U+0031  1     shift+18(1)
Belgian/option            U+0032  2     shift+19(2)
Belgian/option            U+0033  3     shift+20(3)
Belgian/option            U+0034  4     shift+21(4)
Belgian/option            U+0035  5     shift+23(5)
Belgian/option            U+0036  6     shift+22(6)
Belgian/option            U+0037  7     shift+26(7)
Belgian/option            U+0038  8     shift+28(8)
Belgian/option            U+0039  9     shift+25(9)
Belgian/option            U+003A  :     47(.)
Belgian/option            U+003B  ;     43(,)
Belgian/option            U+003C  <     50(`)
Belgian/option            U+003D  =     44(/)
Belgian/option            U+003E  >     shift+50(`)
Belgian/option            U+003F  ?     shift+46(M)
Belgian/option            U+0040  @     10(ISO-§)
Belgian/option            U+0041  A     shift+12(Q)
Belgian/option            U+0042  B     shift+11(B)
Belgian/option            U+0043  C     shift+8(C)
Belgian/option            U+0044  D     shift+2(D)
Belgian/option            U+0045  E     shift+14(E)
Belgian/option            U+0046  F     shift+3(F)
Belgian/option            U+0047  G     shift+5(G)
Belgian/option            U+0048  H     shift+4(H)
Belgian/option            U+0049  I     shift+34(I)
Belgian/option            U+004A  J     shift+38(J)
Belgian/option            U+004B  K     shift+40(K)
Belgian/option            U+004C  L     shift+37(L)
Belgian/option            U+004D  M     shift+41(;)
Belgian/option            U+004E  N     shift+45(N)
Belgian/option            U+004F  O     shift+31(O)
Belgian/option            U+0050  P     shift+35(P)
Belgian/option            U+0051  Q     shift+0(A)
Belgian/option            U+0052  R     shift+15(R)
Belgian/option            U+0053  S     shift+1(S)
Belgian/option            U+0054  T     shift+17(T)
Belgian/option            U+0055  U     shift+32(U)
Belgian/option            U+0056  V     shift+9(V)
Belgian/option            U+0057  W     shift+6(Z)
Belgian/option            U+0058  X     shift+7(X)
Belgian/option            U+0059  Y     shift+16(Y)
Belgian/option            U+005A  Z     shift+13(W)
Belgian/option            U+005B  [     shift+option+23(5)
Belgian/option            U+005C  \     shift+option+47(.)
Belgian/option            U+005D  ]     shift+option+27(-)
Belgian/option            U+005E  ^     33([) then 49(space)
Belgian/option            U+005F  _     shift+24(=)
Belgian/option            U+0060  `     42(\) then 49(space)
Belgian/option            U+0061  a     12(Q)
Belgian/option            U+0062  b     11(B)
Belgian/option            U+0063  c     8(C)
Belgian/option            U+0064  d     2(D)
Belgian/option            U+0065  e     14(E)
Belgian/option            U+0066  f     3(F)
Belgian/option            U+0067  g     5(G)
Belgian/option            U+0068  h     4(H)
Belgian/option            U+0069  i     34(I)
Belgian/option            U+006A  j     38(J)
Belgian/option            U+006B  k     40(K)
Belgian/option            U+006C  l     37(L)
Belgian/option            U+006D  m     41(;)
Belgian/option            U+006E  n     45(N)
Belgian/option            U+006F  o     31(O)
Belgian/option            U+0070  p     35(P)
Belgian/option            U+0071  q     0(A)
Belgian/option            U+0072  r     15(R)
Belgian/option            U+0073  s     1(S)
Belgian/option            U+0074  t     17(T)
Belgian/option            U+0075  u     32(U)
Belgian/option            U+0076  v     9(V)
Belgian/option            U+0077  w     6(Z)
Belgian/option            U+0078  x     7(X)
Belgian/option            U+0079  y     16(Y)
Belgian/option            U+007A  z     13(W)
Belgian/option            U+007B  {     option+23(5)
Belgian/option            U+007C  |     shift+option+37(L)
Belgian/option            U+007D  }     option+27(-)
Belgian/option            U+007E  ~     option+45(N) then 49(space)
Belgian/option            U+0009  tab   48(tab)
Belgian/option            U+00E1  á     shift+option+18(1) then 12(Q)
Belgian/option            U+00E0  à     29(0)
Belgian/option            U+00E2  â     33([) then 12(Q)
Belgian/option            U+00E4  ä     shift+33([) then 12(Q)
Belgian/option            U+00E3  ã     option+45(N) then 12(Q)
Belgian/option            U+00E5  å     shift+option+22(6)
Belgian/option            U+00E9  é     19(2)
Belgian/option            U+00E8  è     26(7)
Belgian/option            U+00EA  ê     option+14(E)
Belgian/option            U+00EB  ë     option+19(2)
Belgian/option            U+00ED  í     shift+option+18(1) then 34(I)
Belgian/option            U+00EC  ì     42(\) then 34(I)
Belgian/option            U+00EE  î     option+34(I)
Belgian/option            U+00EF  ï     shift+option+34(I)
Belgian/option            U+00F3  ó     shift+option+18(1) then 31(O)
Belgian/option            U+00F2  ò     42(\) then 31(O)
Belgian/option            U+00F4  ô     option+33([)
Belgian/option            U+00F6  ö     shift+33([) then 31(O)
Belgian/option            U+00F5  õ     option+45(N) then 31(O)
Belgian/option            U+00FA  ú     shift+option+18(1) then 32(U)
Belgian/option            U+00F9  ù     39(')
Belgian/option            U+00FB  û     33([) then 32(U)
Belgian/option            U+00FC  ü     shift+33([) then 32(U)
Belgian/option            U+00F1  ñ     option+45(N) then 45(N)
Belgian/option            U+00E7  ç     25(9)
Belgian/option            U+00FF  ÿ     shift+33([) then 16(Y)
Belgian/option            U+00E6  æ     option+12(Q)
Belgian/option            U+00F8  ø     option+29(0)
Belgian/option            U+0153  œ     option+31(O)
Belgian/option            U+00DF  ß     option+11(B)
Belgian/option            U+00C1  Á     shift+option+25(9)
Belgian/option            U+00C0  À     42(\) then shift+12(Q)
Belgian/option            U+00C2  Â     option+13(W)
Belgian/option            U+00C4  Ä     shift+33([) then shift+12(Q)
Belgian/option            U+00C9  É     shift+option+18(1) then shift+14(E)
Belgian/option            U+00C8  È     option+40(K)
Belgian/option            U+00CA  Ê     shift+option+14(E)
Belgian/option            U+00CB  Ë     shift+option+40(K)
Belgian/option            U+00D6  Ö     shift+33([) then shift+31(O)
Belgian/option            U+00DC  Ü     shift+33([) then shift+32(U)
Belgian/option            U+00D1  Ñ     option+45(N) then shift+45(N)
Belgian/option            U+00C7  Ç     option+25(9)
Belgian/option            U+00C5  Å     shift+option+13(W)
Belgian/option            U+00D8  Ø     shift+option+29(0)
Belgian/option            U+20AC  €     option+30(])
Belgian/option            U+00A3  £     shift+42(\)
Belgian/option            U+00A5  ¥     shift+option+30(])
Belgian/option            U+00A2  ¢     shift+option+8(C)
Belgian/option            U+00A7  §     22(6)
Belgian/option            U+00B0  °     shift+27(-)
Belgian/option            U+00B4  ´     shift+option+18(1) then 49(space)
Belgian/option            U+00A8  ¨     shift+33([) then 49(space)
Belgian/option            U+02C6  ˆ     unreachable
Belgian/option            U+02DC  ˜     unreachable
Belgian/option            U+00B8  ¸     unreachable
Belgian/option            U+00B5  µ     option+41(;)
Belgian/option            U+00B1  ±     shift+option+44(/)
Belgian/option            U+00B2  ²     unreachable
Belgian/option            U+00B3  ³     unreachable
Belgian/option            U+00BF  ¿     shift+option+46(M)
Belgian/option            U+00A1  ¡     option+28(8)
Belgian/option            U+00AB  «     option+26(7)
Belgian/option            U+00BB  »     shift+option+26(7)
Belgian/option            U+201E  „     shift+option+19(2)
Belgian/option            U+201C  “     option+20(3)
Belgian/option            U+201D  ”     shift+option+20(3)
Belgian/option            U+2018  ‘     option+21(4)
Belgian/option            U+2019  ’     shift+option+21(4)
Belgian/option            U+2013  –     shift+option+24(=)
Belgian/option            U+2014  —     option+24(=)
Belgian/option            U+2026  …     option+43(,)
Belgian/option            U+2022  •     option+10(ISO-§)
Belgian/option            U+00A9  ©     option+8(C)
Belgian/option            U+00AE  ®     option+15(R)
Belgian/option            U+2122  ™     shift+option+17(T)
Belgian/option            U+00AC  ¬     option+37(L)
